// Jest Snapshot v1, https://goo.gl/fbAQLP

exports[`Render audio player AudioPlayer is rendered correctly 1`] = `
Array [
  <button
    className="track__button track__button--play"
    disabled={false}
    onClick={[Function]}
    type="button"
  />,
  <div
    className="track__status"
  >
    <audio
      onCanPlayThrough={[Function]}
      onPause={[Function]}
      onPlay={[Function]}
      onTimeUpdate={[Function]}
      src="https://upload.wikimedia.org/wikipedia/commons/1/1f/Uganda_flag_and_national_anthem_-_Oh_Uganda_Land_o.ogg"
    />
  </div>,
]
`;
